\BOOKMARK [1][-]{section.1}{\376\377\000M\036\337\000\040\001\021\036\247\000u}{}% 1
\BOOKMARK [2][-]{subsection.1.1}{\376\377\000T\000\355\000n\000h\000\040\000c\036\245\000p\000\040\000t\000h\000i\036\277\000t\000\040\000c\036\347\000a\000\040\001\021\036\301\000\040\000t\000\340\000i}{section.1}% 2
\BOOKMARK [2][-]{subsection.1.2}{\376\377\000M\036\345\000c\000\040\000t\000i\000\352\000u\000\040\000v\000\340\000\040\000P\000h\036\241\000m\000\040\000v\000i\000\040\000n\000g\000h\000i\000\352\000n\000\040\000c\036\351\000u}{section.1}% 3
\BOOKMARK [1][-]{section.2}{\376\377\000C\001\241\000\040\000s\036\337\000\040\000l\000\375\000\040\000t\000h\000u\000y\036\277\000t}{}% 4
\BOOKMARK [2][-]{subsection.2.1}{\376\377\000M\000\364\000\040\000t\036\243\000\040\000b\000\340\000i\000\040\000t\000o\000\341\000n\000\040\000c\036\335\000\040\000C\000a\000r\000o}{section.2}% 5
\BOOKMARK [2][-]{subsection.2.2}{\376\377\000L\000u\036\255\000t\000\040\000c\000h\001\241\000i\000\040\000v\000\340\000\040\001\021\000i\036\301\000u\000\040\000k\000i\036\307\000n\000\040\000t\000h\036\257\000n\000g}{section.2}% 6
\BOOKMARK [2][-]{subsection.2.3}{\376\377\000T\000h\000u\036\255\000t\000\040\000t\000o\000\341\000n\000\040\000M\000i\000n\000i\000m\000a\000x}{section.2}% 7
\BOOKMARK [2][-]{subsection.2.4}{\376\377\000T\000h\000u\036\255\000t\000\040\000t\000o\000\341\000n\000\040\000A\000l\000p\000h\000a\000-\000B\000e\000t\000a\000\040\000P\000r\000u\000n\000i\000n\000g}{section.2}% 8
\BOOKMARK [1][-]{section.3}{\376\377\000P\000h\000\342\000n\000\040\000t\000\355\000c\000h\000\040\000t\000h\000i\036\277\000t\000\040\000k\036\277\000\040\000v\000\340\000\040\000C\000\340\000i\000\040\001\021\036\267\000t\000\040\000h\036\307\000\040\000t\000h\036\321\000n\000g}{}% 9
\BOOKMARK [2][-]{subsection.3.1}{\376\377\000C\000\341\000c\000h\000\040\000b\000i\036\303\000u\000\040\000d\000i\036\305\000n\000\040\000t\000r\036\241\000n\000g\000\040\000t\000h\000\341\000i\000\040\000b\000\340\000n\000\040\000c\036\335}{section.3}% 10
\BOOKMARK [2][-]{subsection.3.2}{\376\377\000C\000\341\000c\000h\000\040\000s\000i\000n\000h\000\040\000n\001\260\036\333\000c\000\040\001\021\000i\000\040\000h\036\343\000p\000\040\000l\036\307\000\040\000v\000\340\000\040\000T\036\321\000i\000\040\001\260\000u\000\040\000h\000\363\000a}{section.3}% 11
\BOOKMARK [2][-]{subsection.3.3}{\376\377\000T\000h\000u\036\255\000t\000\040\000t\000o\000\341\000n\000\040\000M\000i\000n\000i\000m\000a\000x\000\040\001\021\000\343\000\040\000c\000\340\000i\000\040\001\021\036\267\000t}{section.3}% 12
\BOOKMARK [2][-]{subsection.3.4}{\376\377\000T\000h\000u\036\255\000t\000\040\000t\000o\000\341\000n\000\040\000A\000l\000p\000h\000a\000-\000B\000e\000t\000a\000\040\001\021\000\343\000\040\000c\000\340\000i\000\040\001\021\036\267\000t}{section.3}% 13
\BOOKMARK [2][-]{subsection.3.5}{\376\377\000K\036\371\000\040\000t\000h\000u\036\255\000t\000\040\000I\000t\000e\000r\000a\000t\000i\000v\000e\000\040\000D\000e\000e\000p\000e\000n\000i\000n\000g}{section.3}% 14
\BOOKMARK [2][-]{subsection.3.6}{\376\377\000K\036\371\000\040\000t\000h\000u\036\255\000t\000\040\000T\000r\000a\000n\000s\000p\000o\000s\000i\000t\000i\000o\000n\000\040\000T\000a\000b\000l\000e\000\040\000\050\000B\036\331\000\040\000n\000h\036\333\000\040\001\021\036\307\000m\000\051}{section.3}% 15
\BOOKMARK [2][-]{subsection.3.7}{\376\377\000K\036\371\000\040\000t\000h\000u\036\255\000t\000\040\000S\036\257\000p\000\040\000x\036\277\000p\000\040\000n\001\260\036\333\000c\000\040\001\021\000i\000\040\000\050\000M\000o\000v\000e\000\040\000O\000r\000d\000e\000r\000i\000n\000g\000\051}{section.3}% 16
\BOOKMARK [2][-]{subsection.3.8}{\376\377\000C\000\341\000c\000h\000\040\000k\000i\036\303\000m\000\040\000t\000r\000a\000\040\000t\000r\036\241\000n\000g\000\040\000t\000h\000\341\000i\000\040\000k\036\277\000t\000\040\000t\000h\000\372\000c}{section.3}% 17
\BOOKMARK [2][-]{subsection.3.9}{\376\377\000C\000\340\000i\000\040\001\021\036\267\000t\000\040\000H\000\340\000m\000\040\001\021\000\341\000n\000h\000\040\000g\000i\000\341\000\040\000t\000r\036\241\000n\000g\000\040\000t\000h\000\341\000i\000\040\000\050\000H\000e\000u\000r\000i\000s\000t\000i\000c\000\051}{section.3}% 18
\BOOKMARK [1][-]{section.4}{\376\377\001\020\000\341\000n\000h\000\040\000g\000i\000\341\000\040\000v\000\340\000\040\000K\036\277\000t\000\040\000q\000u\036\243\000\040\000t\000h\036\361\000c\000\040\000n\000g\000h\000i\036\307\000m}{}% 19
\BOOKMARK [2][-]{subsection.4.1}{\376\377\000T\000h\000i\036\277\000t\000\040\000k\036\277\000\040\000c\000\341\000c\000\040\000t\000r\036\241\000n\000g\000\040\000t\000h\000\341\000i\000\040\000t\000h\036\355\000\040\000n\000g\000h\000i\036\307\000m}{section.4}% 20
\BOOKMARK [2][-]{subsection.4.2}{\376\377\000B\036\243\000n\000g\000\040\000k\036\277\000t\000\040\000q\000u\036\243\000\040\000B\000e\000n\000c\000h\000m\000a\000r\000k}{section.4}% 21
\BOOKMARK [2][-]{subsection.4.3}{\376\377\000N\000h\036\255\000n\000\040\000x\000\351\000t\000\040\000v\036\301\000\040\000s\036\321\000\040\000t\000r\036\241\000n\000g\000\040\000t\000h\000\341\000i\000\040\000v\000\340\000\040\000t\000h\036\335\000i\000\040\000g\000i\000a\000n\000\040\000c\000h\036\241\000y}{section.4}% 22
\BOOKMARK [2][-]{subsection.4.4}{\376\377\000N\000h\036\255\000n\000\040\000x\000\351\000t\000\040\000v\036\301\000\040\036\243\000n\000h\000\040\000h\001\260\036\337\000n\000g\000\040\000c\036\347\000a\000\040\001\021\036\331\000\040\000s\000\342\000u\000\040\000t\000\354\000m\000\040\000k\000i\036\277\000m}{section.4}% 23
\BOOKMARK [1][-]{section.5}{\376\377\000T\036\325\000n\000g\000\040\000k\036\277\000t}{}% 24
\BOOKMARK [2][-]{subsection.5.1}{\376\377\001\257\000u\000\040\001\021\000i\036\303\000m\000\040\000c\036\347\000a\000\040\000c\000h\001\260\001\241\000n\000g\000\040\000t\000r\000\354\000n\000h}{section.5}% 25
\BOOKMARK [2][-]{subsection.5.2}{\376\377\000H\036\241\000n\000\040\000c\000h\036\277\000\040\000v\000\340\000\040\000H\001\260\036\333\000n\000g\000\040\000p\000h\000\341\000t\000\040\000t\000r\000i\036\303\000n}{section.5}% 26
\BOOKMARK [2][-]{subsection.5.3}{\376\377\000L\000i\000n\000k\000\040\000R\000e\000p\000o\000s\000i\000t\000o\000r\000y\000\040\000G\000i\000t\000h\000u\000b}{section.5}% 27
\BOOKMARK [1][-]{subsection.5.3}{\376\377\000T\000\340\000i\000\040\000l\000i\036\307\000u\000\040\000t\000h\000a\000m\000\040\000k\000h\036\243\000o}{}% 28
